
// Jest Snapshot v1, https://goo.gl/fbAQLP

exports[`Image shape Creates a shape: image 1`] = `
Object {
  "assetId": "assetId",
  "childIndex": 1,
  "id": "image",
  "name": "Image",
  "parentId": "page",
  "point": Array [
    0,
    0,
  ],
  "rotation": 0,
  "radius": [
          405.5954998873435,
          405.5954998873435
  ],
  "style": Object {
    "color": "black",
    "dash": "draw",
    "isFilled": true,
    "scale": 1,
    "size": "small",
  },
  imgLink: getIconImageURL("1")
  "type": "VersionNode",
}
`;